Archive member included to satisfy reference by file (symbol)

e:/devkitpro/devkitarm/bin/../lib/gcc/arm-none-eabi/7.1.0/thumb\libgcc.a(_divsi3.o)
                              lonk.o (__aeabi_idivmod)
e:/devkitpro/devkitarm/bin/../lib/gcc/arm-none-eabi/7.1.0/thumb\libgcc.a(_dvmd_tls.o)
                              e:/devkitpro/devkitarm/bin/../lib/gcc/arm-none-eabi/7.1.0/thumb\libgcc.a(_divsi3.o) (__aeabi_idiv0)
e:/devkitpro/devkitarm/bin/../lib/gcc/arm-none-eabi/7.1.0/../../../../arm-none-eabi/lib/thumb\libg.a(lib_a-init.o)
                              e:/devkitpro/devkitarm/bin/../lib/gcc/arm-none-eabi/7.1.0/../../../../arm-none-eabi/lib/thumb/gba_crt0.o (__libc_init_array)
e:/devkitpro/devkitarm/bin/../lib/gcc/arm-none-eabi/7.1.0/../../../../arm-none-eabi/lib/thumb\libg.a(lib_a-memcpy-stub.o)
                              tiletest.o (memcpy)
e:/devkitpro/devkitarm/bin/../lib/gcc/arm-none-eabi/7.1.0/../../../../arm-none-eabi/lib/thumb\libg.a(lib_a-memset.o)
                              tiletest.o (memset)
e:/devkitpro/devkitarm/bin/../lib/gcc/arm-none-eabi/7.1.0/../../../../arm-none-eabi/lib/thumb\libsysbase.a(malloc_vars.o)
                              e:/devkitpro/devkitarm/bin/../lib/gcc/arm-none-eabi/7.1.0/../../../../arm-none-eabi/lib/thumb/gba_crt0.o (fake_heap_end)

Discarded input sections

 .text          0x00000000        0x0 e:/devkitpro/devkitarm/bin/../lib/gcc/arm-none-eabi/7.1.0/../../../../arm-none-eabi/lib/thumb/gba_crt0.o
 .data          0x00000000        0x0 e:/devkitpro/devkitarm/bin/../lib/gcc/arm-none-eabi/7.1.0/../../../../arm-none-eabi/lib/thumb/gba_crt0.o
 .bss           0x00000000        0x0 e:/devkitpro/devkitarm/bin/../lib/gcc/arm-none-eabi/7.1.0/../../../../arm-none-eabi/lib/thumb/gba_crt0.o
 .text          0x00000000        0x0 e:/devkitpro/devkitarm/bin/../lib/gcc/arm-none-eabi/7.1.0/thumb/crti.o
 .data          0x00000000        0x0 e:/devkitpro/devkitarm/bin/../lib/gcc/arm-none-eabi/7.1.0/thumb/crti.o
 .bss           0x00000000        0x0 e:/devkitpro/devkitarm/bin/../lib/gcc/arm-none-eabi/7.1.0/thumb/crti.o
 .text          0x00000000        0x0 e:/devkitpro/devkitarm/bin/../lib/gcc/arm-none-eabi/7.1.0/thumb/crtbegin.o
 .data          0x00000000        0x0 e:/devkitpro/devkitarm/bin/../lib/gcc/arm-none-eabi/7.1.0/thumb/crtbegin.o
 .bss           0x00000000        0x0 e:/devkitpro/devkitarm/bin/../lib/gcc/arm-none-eabi/7.1.0/thumb/crtbegin.o
 .data.__dso_handle
                0x00000000        0x4 e:/devkitpro/devkitarm/bin/../lib/gcc/arm-none-eabi/7.1.0/thumb/crtbegin.o
 .text          0x00000000      0x3dc tiletest.o
 .data          0x00000000        0x0 tiletest.o
 .bss           0x00000000        0x0 tiletest.o
 .rodata        0x00000000       0x3c tiletest.o
 .text          0x00000000        0x0 char.o
 .data          0x00000000        0x0 char.o
 .bss           0x00000000        0x0 char.o
 .text          0x00000000        0x0 main.o
 .data          0x00000000        0x0 main.o
 .bss           0x00000000        0x0 main.o
 .data          0x00000000        0x0 lonk.o
 .bss           0x00000000        0x0 lonk.o
 .data          0x00000000        0x0 controls.o
 .bss           0x00000000        0x0 controls.o
 .text          0x00000000        0x0 tiles.o
 .data          0x00000000        0x0 tiles.o
 .bss           0x00000000        0x0 tiles.o
 .rodata        0x00000000     0x5008 tiles.o
 .data          0x00000000        0x0 input.o
 .bss           0x00000000        0x0 input.o
 .text          0x00000000        0x0 Hero.o
 .data          0x00000000        0x0 Hero.o
 .bss           0x00000000        0x0 Hero.o
 .data          0x00000000        0x0 e:/devkitpro/devkitarm/bin/../lib/gcc/arm-none-eabi/7.1.0/thumb\libgcc.a(_divsi3.o)
 .bss           0x00000000        0x0 e:/devkitpro/devkitarm/bin/../lib/gcc/arm-none-eabi/7.1.0/thumb\libgcc.a(_divsi3.o)
 .data          0x00000000        0x0 e:/devkitpro/devkitarm/bin/../lib/gcc/arm-none-eabi/7.1.0/thumb\libgcc.a(_dvmd_tls.o)
 .bss           0x00000000        0x0 e:/devkitpro/devkitarm/bin/../lib/gcc/arm-none-eabi/7.1.0/thumb\libgcc.a(_dvmd_tls.o)
 .text          0x00000000        0x0 e:/devkitpro/devkitarm/bin/../lib/gcc/arm-none-eabi/7.1.0/../../../../arm-none-eabi/lib/thumb\libg.a(lib_a-init.o)
 .data          0x00000000        0x0 e:/devkitpro/devkitarm/bin/../lib/gcc/arm-none-eabi/7.1.0/../../../../arm-none-eabi/lib/thumb\libg.a(lib_a-init.o)
 .bss           0x00000000        0x0 e:/devkitpro/devkitarm/bin/../lib/gcc/arm-none-eabi/7.1.0/../../../../arm-none-eabi/lib/thumb\libg.a(lib_a-init.o)
 .text          0x00000000        0x0 e:/devkitpro/devkitarm/bin/../lib/gcc/arm-none-eabi/7.1.0/../../../../arm-none-eabi/lib/thumb\libg.a(lib_a-memcpy-stub.o)
 .data          0x00000000        0x0 e:/devkitpro/devkitarm/bin/../lib/gcc/arm-none-eabi/7.1.0/../../../../arm-none-eabi/lib/thumb\libg.a(lib_a-memcpy-stub.o)
 .bss           0x00000000        0x0 e:/devkitpro/devkitarm/bin/../lib/gcc/arm-none-eabi/7.1.0/../../../../arm-none-eabi/lib/thumb\libg.a(lib_a-memcpy-stub.o)
 .text          0x00000000        0x0 e:/devkitpro/devkitarm/bin/../lib/gcc/arm-none-eabi/7.1.0/../../../../arm-none-eabi/lib/thumb\libg.a(lib_a-memset.o)
 .data          0x00000000        0x0 e:/devkitpro/devkitarm/bin/../lib/gcc/arm-none-eabi/7.1.0/../../../../arm-none-eabi/lib/thumb\libg.a(lib_a-memset.o)
 .bss           0x00000000        0x0 e:/devkitpro/devkitarm/bin/../lib/gcc/arm-none-eabi/7.1.0/../../../../arm-none-eabi/lib/thumb\libg.a(lib_a-memset.o)
 .text          0x00000000        0x0 e:/devkitpro/devkitarm/bin/../lib/gcc/arm-none-eabi/7.1.0/../../../../arm-none-eabi/lib/thumb\libsysbase.a(malloc_vars.o)
 .data          0x00000000        0x0 e:/devkitpro/devkitarm/bin/../lib/gcc/arm-none-eabi/7.1.0/../../../../arm-none-eabi/lib/thumb\libsysbase.a(malloc_vars.o)
 .bss           0x00000000        0x0 e:/devkitpro/devkitarm/bin/../lib/gcc/arm-none-eabi/7.1.0/../../../../arm-none-eabi/lib/thumb\libsysbase.a(malloc_vars.o)
 .bss.fake_heap_start
                0x00000000        0x4 e:/devkitpro/devkitarm/bin/../lib/gcc/arm-none-eabi/7.1.0/../../../../arm-none-eabi/lib/thumb\libsysbase.a(malloc_vars.o)
 .text          0x00000000        0x0 e:/devkitpro/devkitarm/bin/../lib/gcc/arm-none-eabi/7.1.0/thumb/crtend.o
 .data          0x00000000        0x0 e:/devkitpro/devkitarm/bin/../lib/gcc/arm-none-eabi/7.1.0/thumb/crtend.o
 .bss           0x00000000        0x0 e:/devkitpro/devkitarm/bin/../lib/gcc/arm-none-eabi/7.1.0/thumb/crtend.o
 .text          0x00000000        0x0 e:/devkitpro/devkitarm/bin/../lib/gcc/arm-none-eabi/7.1.0/thumb/crtn.o
 .data          0x00000000        0x0 e:/devkitpro/devkitarm/bin/../lib/gcc/arm-none-eabi/7.1.0/thumb/crtn.o
 .bss           0x00000000        0x0 e:/devkitpro/devkitarm/bin/../lib/gcc/arm-none-eabi/7.1.0/thumb/crtn.o

Memory Configuration

Name             Origin             Length             Attributes
rom              0x08000000         0x02000000
iwram            0x03000000         0x00008000
ewram            0x02000000         0x00040000
*default*        0x00000000         0xffffffff

Linker script and memory map

                0x08000000                __text_start = ORIGIN (rom)
                0x02040000                __eheap_end = (ORIGIN (ewram) + LENGTH (ewram))
                0x03000000                __iwram_start = ORIGIN (iwram)
                0x03008000                __iwram_top = (ORIGIN (iwram) + LENGTH (iwram))
                0x03007fa0                __sp_irq = (__iwram_top - 0x60)
                0x03007f00                __sp_usr = (__sp_irq - 0xa0)
                0x03007ff8                __irq_flags = 0x3007ff8
                0x08000000                . = __text_start

.crt0           0x08000000      0x210
 *(.crt0)
 .crt0          0x08000000      0x210 e:/devkitpro/devkitarm/bin/../lib/gcc/arm-none-eabi/7.1.0/../../../../arm-none-eabi/lib/thumb/gba_crt0.o
                0x08000000                _start
                0x080000c4                __boot_method
                0x080000c5                __slave_number
                0x080000e0                start_vector
                0x08000210                . = ALIGN (0x4)

.init           0x08000210        0xc
 *(SORT(.init))
 .init          0x08000210        0x4 e:/devkitpro/devkitarm/bin/../lib/gcc/arm-none-eabi/7.1.0/thumb/crti.o
                0x08000210                _init
 .init          0x08000214        0x8 e:/devkitpro/devkitarm/bin/../lib/gcc/arm-none-eabi/7.1.0/thumb/crtn.o

.plt            0x0800021c        0x0
 *(.plt)
                0x0800021c                . = ALIGN (0x4)

.text           0x08000220      0x9b0
 *(EXCLUDE_FILE(*.iwram*) .text)
 .text          0x08000220      0x340 lonk.o
                0x08000220                Lonk::Lonk(bool)
                0x08000220                Lonk::Lonk(bool)
                0x080002f8                Lonk::InitializeSprite(CharSprite*, ObjectAttributes*)
                0x08000318                Lonk::ExecuteAction(unsigned char*)
                0x080004b4                Lonk::UpdateSpritePosition(CharSprite*)
                0x08000524                Lonk::TickSpriteAnimation(CharSprite*)
 .text          0x08000560      0x21c controls.o
                0x08000560                Controls::GetActions(unsigned char*)
                0x080005c8                Controls::UpdateActions()
                0x08000668                Controls::ChangeControls(int)
 .text          0x0800077c       0x3c input.o
                0x0800077c                input::key_poll()
                0x08000794                input::wasKeyPressed(unsigned short)
                0x080007a0                input::wasKeyReleased(unsigned short)
                0x080007ac                input::getKeyState(unsigned short)
 .text          0x080007b8      0x150 e:/devkitpro/devkitarm/bin/../lib/gcc/arm-none-eabi/7.1.0/thumb\libgcc.a(_divsi3.o)
                0x080007b8                __divsi3
                0x080007b8                __aeabi_idiv
                0x080008e8                __aeabi_idivmod
 .text          0x08000908        0x4 e:/devkitpro/devkitarm/bin/../lib/gcc/arm-none-eabi/7.1.0/thumb\libgcc.a(_dvmd_tls.o)
                0x08000908                __aeabi_idiv0
                0x08000908                __aeabi_ldiv0
 *(.text .stub .text.* .gnu.linkonce.t.*)
 .text.deregister_tm_clones
                0x0800090c       0x2c e:/devkitpro/devkitarm/bin/../lib/gcc/arm-none-eabi/7.1.0/thumb/crtbegin.o
 .text.register_tm_clones
                0x08000938       0x34 e:/devkitpro/devkitarm/bin/../lib/gcc/arm-none-eabi/7.1.0/thumb/crtbegin.o
 .text.__do_global_dtors_aux
                0x0800096c       0x30 e:/devkitpro/devkitarm/bin/../lib/gcc/arm-none-eabi/7.1.0/thumb/crtbegin.o
 .text.frame_dummy
                0x0800099c       0x28 e:/devkitpro/devkitarm/bin/../lib/gcc/arm-none-eabi/7.1.0/thumb/crtbegin.o
 .text.startup  0x080009c4       0x70 main.o
                0x080009c4                main
 .text.__libc_init_array
                0x08000a34       0x54 e:/devkitpro/devkitarm/bin/../lib/gcc/arm-none-eabi/7.1.0/../../../../arm-none-eabi/lib/thumb\libg.a(lib_a-init.o)
                0x08000a34                __libc_init_array
 .text.memcpy   0x08000a88       0x8c e:/devkitpro/devkitarm/bin/../lib/gcc/arm-none-eabi/7.1.0/../../../../arm-none-eabi/lib/thumb\libg.a(lib_a-memcpy-stub.o)
                0x08000a88                memcpy
 .text.memset   0x08000b14       0xa4 e:/devkitpro/devkitarm/bin/../lib/gcc/arm-none-eabi/7.1.0/../../../../arm-none-eabi/lib/thumb\libg.a(lib_a-memset.o)
                0x08000b14                memset
 .text.memset.__stub
                0x08000bb8       0x14 linker stubs
 *(.text.*personality*)
 *(.gnu.warning)
 *(.glue_7t)
 .glue_7t       0x08000bd0        0x0 linker stubs
 *(.glue_7)
 .glue_7        0x08000bd0        0x0 linker stubs
 *(.vfp11_veneer)
 .vfp11_veneer  0x08000bd0        0x0 linker stubs
                0x08000bd0                . = ALIGN (0x4)
                0x08000bd0                __text_end = .

.v4_bx          0x08000bd0        0x0
 .v4_bx         0x08000bd0        0x0 linker stubs

.iplt           0x08000bd0        0x0
 .iplt          0x08000bd0        0x0 e:/devkitpro/devkitarm/bin/../lib/gcc/arm-none-eabi/7.1.0/../../../../arm-none-eabi/lib/thumb/gba_crt0.o

.fini           0x08000bd0        0xc
 *(.fini)
 .fini          0x08000bd0        0x4 e:/devkitpro/devkitarm/bin/../lib/gcc/arm-none-eabi/7.1.0/thumb/crti.o
                0x08000bd0                _fini
 .fini          0x08000bd4        0x8 e:/devkitpro/devkitarm/bin/../lib/gcc/arm-none-eabi/7.1.0/thumb/crtn.o
                0x08000bdc                . = ALIGN (0x4)

.rodata         0x08000bdc     0x1214
 *(.rodata)
 .rodata        0x08000bdc       0x12 main.o
 *fill*         0x08000bee        0x2 ff
 .rodata        0x08000bf0     0x1200 Hero.o
                0x08000bf0                HeroPal
                0x08000df0                HeroTiles
 *all.rodata*(*)
 *(.roda)
 *(.rodata.*)
 *(.gnu.linkonce.r*)
                0x08001df0                . = ALIGN (0x4)

.ARM.extab
 *(.ARM.extab* .gnu.linkonce.armextab.*)
                0x08001df0                __exidx_start = .

.ARM.exidx
 *(.ARM.exidx* .gnu.linkonce.armexidx.*)
                0x08001df0                __exidx_end = .

.ctors          0x08001df0        0x0
 *crtbegin.o(.ctors)
 *(EXCLUDE_FILE(*crtend.o) .ctors)
 *(SORT(.ctors.*))
 *(.ctors)
                0x08001df0                . = ALIGN (0x4)

.dtors          0x08001df0        0x0
 *crtbegin.o(.dtors)
 *(EXCLUDE_FILE(*crtend.o) .dtors)
 *(SORT(.dtors.*))
 *(.dtors)
                0x08001df0                . = ALIGN (0x4)

.eh_frame       0x08001df0        0x4
 *(.eh_frame)
 .eh_frame      0x08001df0        0x0 e:/devkitpro/devkitarm/bin/../lib/gcc/arm-none-eabi/7.1.0/thumb/crtbegin.o
 .eh_frame      0x08001df0        0x4 e:/devkitpro/devkitarm/bin/../lib/gcc/arm-none-eabi/7.1.0/thumb/crtend.o
                0x08001df4                . = ALIGN (0x4)

.rel.dyn        0x08001df4        0x0
 .rel.iplt      0x08001df4        0x0 e:/devkitpro/devkitarm/bin/../lib/gcc/arm-none-eabi/7.1.0/../../../../arm-none-eabi/lib/thumb/gba_crt0.o

.gcc_except_table
                0x08001df4        0x0
 *(.gcc_except_table)
                0x08001df4                . = ALIGN (0x4)
                0x08001df4                __iwram_lma = .

.iwram          0x03000000        0x0 load address 0x08001df4
                0x03000000                __iwram_start__ = ABSOLUTE (.)
 *(.iwram)
 *iwram.*(.text)
                0x03000000                . = ALIGN (0x4)
                0x03000000                __iwram_end__ = ABSOLUTE (.)
                0x08001df4                __data_lma = (__iwram_lma + SIZEOF (.iwram))

.bss            0x03000000       0x20
                0x03000000                __bss_start = ABSOLUTE (.)
                0x03000000                __bss_start__ = ABSOLUTE (.)
 *(.dynbss)
 *(.gnu.linkonce.b*)
 *(.bss*)
 .bss.completed.6484
                0x03000000        0x1 e:/devkitpro/devkitarm/bin/../lib/gcc/arm-none-eabi/7.1.0/thumb/crtbegin.o
 *fill*         0x03000001        0x3 
 .bss.object.6489
                0x03000004       0x18 e:/devkitpro/devkitarm/bin/../lib/gcc/arm-none-eabi/7.1.0/thumb/crtbegin.o
 .bss.fake_heap_end
                0x0300001c        0x4 e:/devkitpro/devkitarm/bin/../lib/gcc/arm-none-eabi/7.1.0/../../../../arm-none-eabi/lib/thumb\libsysbase.a(malloc_vars.o)
                0x0300001c                fake_heap_end
 *(COMMON)
                0x03000020                . = ALIGN (0x4)
                0x03000020                __bss_end__ = ABSOLUTE (.)

.data           0x03000020        0x0 load address 0x08001df4
                0x03000020                __data_start__ = ABSOLUTE (.)
 *(.data)
 *(.data.*)
 *(.gnu.linkonce.d*)
                0x03000020                . = ALIGN (0x4)
                0x08001df4                __preinit_lma = (__data_lma + SIZEOF (.data))

.igot.plt       0x03000000        0x0
 .igot.plt      0x03000000        0x0 e:/devkitpro/devkitarm/bin/../lib/gcc/arm-none-eabi/7.1.0/../../../../arm-none-eabi/lib/thumb/gba_crt0.o

.tm_clone_table
                0x03000000        0x0
 .tm_clone_table
                0x03000000        0x0 e:/devkitpro/devkitarm/bin/../lib/gcc/arm-none-eabi/7.1.0/thumb/crtbegin.o
 .tm_clone_table
                0x03000000        0x0 e:/devkitpro/devkitarm/bin/../lib/gcc/arm-none-eabi/7.1.0/thumb/crtend.o

.preinit_array  0x03000020        0x0 load address 0x08001df4
                0x03000020                __preinit_array_start = ABSOLUTE (.)
 *(.preinit_array)
                0x03000020                __preinit_array_end = ABSOLUTE (.)
                0x08001df4                __init_lma = (__preinit_lma + SIZEOF (.preinit_array))

.init_array     0x03000020        0x4 load address 0x08001df4
                0x03000020                __init_array_start = ABSOLUTE (.)
 *(SORT(.init_array.*))
 *(.init_array)
 .init_array    0x03000020        0x4 e:/devkitpro/devkitarm/bin/../lib/gcc/arm-none-eabi/7.1.0/thumb/crtbegin.o
                0x03000024                __init_array_end = ABSOLUTE (.)
                0x08001df8                __fini_lma = (__init_lma + SIZEOF (.init_array))

.fini_array     0x03000024        0x4 load address 0x08001df8
                0x03000024                __fini_array_start = ABSOLUTE (.)
 *(SORT(.fini_array.*))
 *(.fini_array)
 .fini_array    0x03000024        0x4 e:/devkitpro/devkitarm/bin/../lib/gcc/arm-none-eabi/7.1.0/thumb/crtbegin.o
                0x03000028                __fini_array_end = ABSOLUTE (.)
                0x08001dfc                __jcr_lma = (__fini_lma + SIZEOF (.fini_array))

.jcr            0x03000028        0x0 load address 0x08001dfc
 *(.jcr)
                0x03000028                __data_end__ = ABSOLUTE (.)
                0x08001dfc                __iwram_overlay_lma = (__jcr_lma + SIZEOF (.jcr))
                0x03000028                __iwram_overlay_start = .

.iwram0         0x03000028        0x0 load address 0x08001dfc
 *(.iwram0)
                0x03000028                . = ALIGN (0x4)
                0x08001dfc                PROVIDE (__load_start_iwram0, LOADADDR (.iwram0))
                0x08001dfc                PROVIDE (__load_stop_iwram0, (LOADADDR (.iwram0) + SIZEOF (.iwram0)))

.iwram1         0x03000028        0x0
 *(.iwram1)
                0x03000028                . = ALIGN (0x4)
                [!provide]                PROVIDE (__load_start_iwram1, LOADADDR (.iwram1))
                [!provide]                PROVIDE (__load_stop_iwram1, (LOADADDR (.iwram1) + SIZEOF (.iwram1)))

.iwram2         0x03000028        0x0
 *(.iwram2)
                0x03000028                . = ALIGN (0x4)
                [!provide]                PROVIDE (__load_start_iwram2, LOADADDR (.iwram2))
                [!provide]                PROVIDE (__load_stop_iwram2, (LOADADDR (.iwram2) + SIZEOF (.iwram2)))

.iwram3         0x03000028        0x0
 *(.iwram3)
                0x03000028                . = ALIGN (0x4)
                [!provide]                PROVIDE (__load_start_iwram3, LOADADDR (.iwram3))
                [!provide]                PROVIDE (__load_stop_iwram3, (LOADADDR (.iwram3) + SIZEOF (.iwram3)))

.iwram4         0x03000028        0x0
 *(.iwram4)
                0x03000028                . = ALIGN (0x4)
                [!provide]                PROVIDE (__load_start_iwram4, LOADADDR (.iwram4))
                [!provide]                PROVIDE (__load_stop_iwram4, (LOADADDR (.iwram4) + SIZEOF (.iwram4)))

.iwram5         0x03000028        0x0
 *(.iwram5)
                0x03000028                . = ALIGN (0x4)
                [!provide]                PROVIDE (__load_start_iwram5, LOADADDR (.iwram5))
                [!provide]                PROVIDE (__load_stop_iwram5, (LOADADDR (.iwram5) + SIZEOF (.iwram5)))

.iwram6         0x03000028        0x0
 *(.iwram6)
                0x03000028                . = ALIGN (0x4)
                [!provide]                PROVIDE (__load_start_iwram6, LOADADDR (.iwram6))
                [!provide]                PROVIDE (__load_stop_iwram6, (LOADADDR (.iwram6) + SIZEOF (.iwram6)))

.iwram7         0x03000028        0x0
 *(.iwram7)
                0x03000028                . = ALIGN (0x4)
                [!provide]                PROVIDE (__load_start_iwram7, LOADADDR (.iwram7))
                [!provide]                PROVIDE (__load_stop_iwram7, (LOADADDR (.iwram7) + SIZEOF (.iwram7)))

.iwram8         0x03000028        0x0
 *(.iwram8)
                0x03000028                . = ALIGN (0x4)
                [!provide]                PROVIDE (__load_start_iwram8, LOADADDR (.iwram8))
                [!provide]                PROVIDE (__load_stop_iwram8, (LOADADDR (.iwram8) + SIZEOF (.iwram8)))

.iwram9         0x03000028        0x0
 *(.iwram9)
                0x03000028                . = ALIGN (0x4)
                [!provide]                PROVIDE (__load_start_iwram9, LOADADDR (.iwram9))
                [!provide]                PROVIDE (__load_stop_iwram9, (LOADADDR (.iwram9) + SIZEOF (.iwram9)))
                0x03000028                __iwram_overlay_end = .
                0x08001dfc                __ewram_lma = (__iwram_overlay_lma + (__iwram_overlay_end - __iwram_overlay_start))
                0x03000028                __iheap_start = .
                0x02000000                __ewram_start = ORIGIN (ewram)

.ewram          0x02000000        0x0 load address 0x08001dfc
 *(.ewram)
                0x02000000                . = ALIGN (0x4)
                0x02000000                __ewram_end = ABSOLUTE (.)
                0x08001dfc                __pad_lma = (__ewram_lma + SIZEOF (.ewram))

.sbss           0x02000000        0x0
                0x02000000                __sbss_start__ = ABSOLUTE (.)
 *(.sbss)
                0x02000000                . = ALIGN (0x4)
                0x02000000                __sbss_end__ = ABSOLUTE (.)
                0x02000000                __end__ = ABSOLUTE (.)
                0x02000000                __eheap_start = ABSOLUTE (.)

.pad            0x02000000        0x8 load address 0x08001dfc
                0x02000000        0x4 LONG 0x52416b64
                0x02000004        0x4 LONG 0x4d
                0x02000008                . = ALIGN (0x4)
                0x08001e04                __rom_end__ = (__pad_lma + SIZEOF (.pad))

.stab
 *(.stab)

.stabstr
 *(.stabstr)

.stab.excl
 *(.stab.excl)

.stab.exclstr
 *(.stab.exclstr)

.stab.index
 *(.stab.index)

.stab.indexstr
 *(.stab.indexstr)

.comment        0x00000000       0x22
 *(.comment)
 .comment       0x00000000       0x22 e:/devkitpro/devkitarm/bin/../lib/gcc/arm-none-eabi/7.1.0/thumb/crtbegin.o
                                 0x23 (size before relaxing)
 .comment       0x00000022       0x23 tiletest.o
 .comment       0x00000022       0x23 char.o
 .comment       0x00000022       0x23 main.o
 .comment       0x00000022       0x23 lonk.o
 .comment       0x00000022       0x23 controls.o
 .comment       0x00000022       0x23 tiles.o
 .comment       0x00000022       0x23 input.o
 .comment       0x00000022       0x23 Hero.o
 .comment       0x00000022       0x23 e:/devkitpro/devkitarm/bin/../lib/gcc/arm-none-eabi/7.1.0/../../../../arm-none-eabi/lib/thumb\libg.a(lib_a-init.o)
 .comment       0x00000022       0x23 e:/devkitpro/devkitarm/bin/../lib/gcc/arm-none-eabi/7.1.0/../../../../arm-none-eabi/lib/thumb\libg.a(lib_a-memcpy-stub.o)
 .comment       0x00000022       0x23 e:/devkitpro/devkitarm/bin/../lib/gcc/arm-none-eabi/7.1.0/../../../../arm-none-eabi/lib/thumb\libg.a(lib_a-memset.o)
 .comment       0x00000022       0x23 e:/devkitpro/devkitarm/bin/../lib/gcc/arm-none-eabi/7.1.0/../../../../arm-none-eabi/lib/thumb\libsysbase.a(malloc_vars.o)
 .comment       0x00000022       0x23 e:/devkitpro/devkitarm/bin/../lib/gcc/arm-none-eabi/7.1.0/thumb/crtend.o

.debug
 *(.debug)

.line
 *(.line)

.debug_srcinfo
 *(.debug_srcinfo)

.debug_sfnames
 *(.debug_sfnames)

.debug_aranges  0x00000000       0xe8
 *(.debug_aranges)
 .debug_aranges
                0x00000000       0x20 tiletest.o
 .debug_aranges
                0x00000020       0x18 char.o
 .debug_aranges
                0x00000038       0x20 main.o
 .debug_aranges
                0x00000058       0x20 lonk.o
 .debug_aranges
                0x00000078       0x20 controls.o
 .debug_aranges
                0x00000098       0x18 tiles.o
 .debug_aranges
                0x000000b0       0x20 input.o
 .debug_aranges
                0x000000d0       0x18 Hero.o

.debug_pubnames
 *(.debug_pubnames)

.debug_info     0x00000000     0x3cd9
 *(.debug_info)
 .debug_info    0x00000000     0x11b2 tiletest.o
 .debug_info    0x000011b2      0x446 char.o
 .debug_info    0x000015f8      0xf9a main.o
 .debug_info    0x00002592      0xe74 lonk.o
 .debug_info    0x00003406      0x524 controls.o
 .debug_info    0x0000392a      0x16d tiles.o
 .debug_info    0x00003a97      0x1c9 input.o
 .debug_info    0x00003c60       0x79 Hero.o

.debug_abbrev   0x00000000     0x1184
 *(.debug_abbrev)
 .debug_abbrev  0x00000000      0x419 tiletest.o
 .debug_abbrev  0x00000419      0x230 char.o
 .debug_abbrev  0x00000649      0x34e main.o
 .debug_abbrev  0x00000997      0x3b8 lonk.o
 .debug_abbrev  0x00000d4f      0x25d controls.o
 .debug_abbrev  0x00000fac       0x79 tiles.o
 .debug_abbrev  0x00001025      0x10e input.o
 .debug_abbrev  0x00001133       0x51 Hero.o

.debug_line     0x00000000      0xb80
 *(.debug_line)
 .debug_line    0x00000000      0x272 tiletest.o
 .debug_line    0x00000272      0x1f2 char.o
 .debug_line    0x00000464      0x205 main.o
 .debug_line    0x00000669      0x254 lonk.o
 .debug_line    0x000008bd      0x13b controls.o
 .debug_line    0x000009f8       0x8e tiles.o
 .debug_line    0x00000a86       0xa7 input.o
 .debug_line    0x00000b2d       0x53 Hero.o

.debug_frame    0x00000000      0x23c
 *(.debug_frame)
 .debug_frame   0x00000000       0xa0 tiletest.o
 .debug_frame   0x000000a0       0x2c main.o
 .debug_frame   0x000000cc       0x9c lonk.o
 .debug_frame   0x00000168       0x84 controls.o
 .debug_frame   0x000001ec       0x50 input.o

.debug_str      0x00000000     0x1192
 *(.debug_str)
 .debug_str     0x00000000      0x8c0 tiletest.o
                                0x960 (size before relaxing)
 .debug_str     0x000008c0      0x521 char.o
                                0x6a0 (size before relaxing)
 .debug_str     0x00000de1      0x1fa main.o
                                0xa1d (size before relaxing)
 .debug_str     0x00000fdb       0x57 lonk.o
                                0x827 (size before relaxing)
 .debug_str     0x00001032       0x52 controls.o
                                0x2e4 (size before relaxing)
 .debug_str     0x00001084       0x36 tiles.o
                                0x166 (size before relaxing)
 .debug_str     0x000010ba       0x36 input.o
                                0x1cd (size before relaxing)
 .debug_str     0x000010f0       0xa2 Hero.o
                                 0xec (size before relaxing)

.debug_loc      0x00000000      0x8da
 *(.debug_loc)
 .debug_loc     0x00000000      0x1b5 tiletest.o
 .debug_loc     0x000001b5       0x2c main.o
 .debug_loc     0x000001e1      0x2ef lonk.o
 .debug_loc     0x000004d0      0x386 controls.o
 .debug_loc     0x00000856       0x84 input.o

.debug_macinfo
 *(.debug_macinfo)

.debug_weaknames
 *(.debug_weaknames)

.debug_funcnames
 *(.debug_funcnames)

.debug_typenames
 *(.debug_typenames)

.debug_varnames
 *(.debug_varnames)

.stack          0x00080000        0x0
                0x00080000                _stack = .
 *(.stack)

.note.gnu.arm.ident
 *(.note.gnu.arm.ident)

.ARM.attributes
                0x00000000       0x2c
 *(.ARM.attributes)
 .ARM.attributes
                0x00000000       0x20 e:/devkitpro/devkitarm/bin/../lib/gcc/arm-none-eabi/7.1.0/../../../../arm-none-eabi/lib/thumb/gba_crt0.o
 .ARM.attributes
                0x00000020       0x16 e:/devkitpro/devkitarm/bin/../lib/gcc/arm-none-eabi/7.1.0/thumb/crti.o
 .ARM.attributes
                0x00000036       0x30 e:/devkitpro/devkitarm/bin/../lib/gcc/arm-none-eabi/7.1.0/thumb/crtbegin.o
 .ARM.attributes
                0x00000066       0x2c tiletest.o
 .ARM.attributes
                0x00000092       0x2c char.o
 .ARM.attributes
                0x000000be       0x2c main.o
 .ARM.attributes
                0x000000ea       0x2c lonk.o
 .ARM.attributes
                0x00000116       0x2c controls.o
 .ARM.attributes
                0x00000142       0x2c tiles.o
 .ARM.attributes
                0x0000016e       0x2c input.o
 .ARM.attributes
                0x0000019a       0x2c Hero.o
 .ARM.attributes
                0x000001c6       0x18 e:/devkitpro/devkitarm/bin/../lib/gcc/arm-none-eabi/7.1.0/thumb\libgcc.a(_divsi3.o)
 .ARM.attributes
                0x000001de       0x16 e:/devkitpro/devkitarm/bin/../lib/gcc/arm-none-eabi/7.1.0/thumb\libgcc.a(_dvmd_tls.o)
 .ARM.attributes
                0x000001f4       0x30 e:/devkitpro/devkitarm/bin/../lib/gcc/arm-none-eabi/7.1.0/../../../../arm-none-eabi/lib/thumb\libg.a(lib_a-init.o)
 .ARM.attributes
                0x00000224       0x30 e:/devkitpro/devkitarm/bin/../lib/gcc/arm-none-eabi/7.1.0/../../../../arm-none-eabi/lib/thumb\libg.a(lib_a-memcpy-stub.o)
 .ARM.attributes
                0x00000254       0x30 e:/devkitpro/devkitarm/bin/../lib/gcc/arm-none-eabi/7.1.0/../../../../arm-none-eabi/lib/thumb\libg.a(lib_a-memset.o)
 .ARM.attributes
                0x00000284       0x30 e:/devkitpro/devkitarm/bin/../lib/gcc/arm-none-eabi/7.1.0/../../../../arm-none-eabi/lib/thumb\libsysbase.a(malloc_vars.o)
 .ARM.attributes
                0x000002b4       0x30 e:/devkitpro/devkitarm/bin/../lib/gcc/arm-none-eabi/7.1.0/thumb/crtend.o
 .ARM.attributes
                0x000002e4       0x16 e:/devkitpro/devkitarm/bin/../lib/gcc/arm-none-eabi/7.1.0/thumb/crtn.o

/DISCARD/
 *(.note.GNU-stack)
LOAD e:/devkitpro/devkitarm/bin/../lib/gcc/arm-none-eabi/7.1.0/../../../../arm-none-eabi/lib/thumb/gba_crt0.o
LOAD e:/devkitpro/devkitarm/bin/../lib/gcc/arm-none-eabi/7.1.0/thumb/crti.o
LOAD e:/devkitpro/devkitarm/bin/../lib/gcc/arm-none-eabi/7.1.0/thumb/crtbegin.o
LOAD tiletest.o
LOAD char.o
LOAD main.o
LOAD lonk.o
LOAD controls.o
LOAD tiles.o
LOAD input.o
LOAD Hero.o
LOAD E:/devkitPro/libgba/lib\libmm.a
LOAD E:/devkitPro/libgba/lib\libgba.a
LOAD e:/devkitpro/devkitarm/bin/../lib/gcc/arm-none-eabi/7.1.0/../../../../arm-none-eabi/lib/thumb\libstdc++.a
LOAD e:/devkitpro/devkitarm/bin/../lib/gcc/arm-none-eabi/7.1.0/../../../../arm-none-eabi/lib/thumb\libm.a
START GROUP
LOAD e:/devkitpro/devkitarm/bin/../lib/gcc/arm-none-eabi/7.1.0/thumb\libgcc.a
LOAD e:/devkitpro/devkitarm/bin/../lib/gcc/arm-none-eabi/7.1.0/../../../../arm-none-eabi/lib/thumb\libg.a
LOAD e:/devkitpro/devkitarm/bin/../lib/gcc/arm-none-eabi/7.1.0/../../../../arm-none-eabi/lib/thumb\libc.a
LOAD e:/devkitpro/devkitarm/bin/../lib/gcc/arm-none-eabi/7.1.0/../../../../arm-none-eabi/lib/thumb\libsysbase.a
END GROUP
LOAD e:/devkitpro/devkitarm/bin/../lib/gcc/arm-none-eabi/7.1.0/thumb/crtend.o
LOAD e:/devkitpro/devkitarm/bin/../lib/gcc/arm-none-eabi/7.1.0/thumb/crtn.o
OUTPUT(E:/Ilderraf/ZeCode/IlderrafPrototype/IlderrafPrototype.elf elf32-littlearm)

.debug_ranges   0x00000000      0x240
 .debug_ranges  0x00000000       0xa8 tiletest.o
 .debug_ranges  0x000000a8       0x40 main.o
 .debug_ranges  0x000000e8       0x50 lonk.o
 .debug_ranges  0x00000138      0x108 controls.o
