Archive member included to satisfy reference by file (symbol)

e:/devkitpro/devkitarm/bin/../lib/gcc/arm-none-eabi/7.1.0/thumb\libgcc.a(_divsi3.o)
                              main.o (__aeabi_idivmod)
e:/devkitpro/devkitarm/bin/../lib/gcc/arm-none-eabi/7.1.0/thumb\libgcc.a(_dvmd_tls.o)
                              e:/devkitpro/devkitarm/bin/../lib/gcc/arm-none-eabi/7.1.0/thumb\libgcc.a(_divsi3.o) (__aeabi_idiv0)
e:/devkitpro/devkitarm/bin/../lib/gcc/arm-none-eabi/7.1.0/../../../../arm-none-eabi/lib/thumb\libg.a(lib_a-init.o)
                              e:/devkitpro/devkitarm/bin/../lib/gcc/arm-none-eabi/7.1.0/../../../../arm-none-eabi/lib/thumb/gba_crt0.o (__libc_init_array)
e:/devkitpro/devkitarm/bin/../lib/gcc/arm-none-eabi/7.1.0/../../../../arm-none-eabi/lib/thumb\libg.a(lib_a-memcpy-stub.o)
                              main.o (memcpy)
e:/devkitpro/devkitarm/bin/../lib/gcc/arm-none-eabi/7.1.0/../../../../arm-none-eabi/lib/thumb\libsysbase.a(malloc_vars.o)
                              e:/devkitpro/devkitarm/bin/../lib/gcc/arm-none-eabi/7.1.0/../../../../arm-none-eabi/lib/thumb/gba_crt0.o (fake_heap_end)

Allocating common symbols
Common symbol       size              file

oam_object_backbuffer
                    0x400             main.o

Discarded input sections

 .text          0x00000000        0x0 e:/devkitpro/devkitarm/bin/../lib/gcc/arm-none-eabi/7.1.0/../../../../arm-none-eabi/lib/thumb/gba_crt0.o
 .data          0x00000000        0x0 e:/devkitpro/devkitarm/bin/../lib/gcc/arm-none-eabi/7.1.0/../../../../arm-none-eabi/lib/thumb/gba_crt0.o
 .bss           0x00000000        0x0 e:/devkitpro/devkitarm/bin/../lib/gcc/arm-none-eabi/7.1.0/../../../../arm-none-eabi/lib/thumb/gba_crt0.o
 .text          0x00000000        0x0 e:/devkitpro/devkitarm/bin/../lib/gcc/arm-none-eabi/7.1.0/thumb/crti.o
 .data          0x00000000        0x0 e:/devkitpro/devkitarm/bin/../lib/gcc/arm-none-eabi/7.1.0/thumb/crti.o
 .bss           0x00000000        0x0 e:/devkitpro/devkitarm/bin/../lib/gcc/arm-none-eabi/7.1.0/thumb/crti.o
 .text          0x00000000        0x0 e:/devkitpro/devkitarm/bin/../lib/gcc/arm-none-eabi/7.1.0/thumb/crtbegin.o
 .data          0x00000000        0x0 e:/devkitpro/devkitarm/bin/../lib/gcc/arm-none-eabi/7.1.0/thumb/crtbegin.o
 .bss           0x00000000        0x0 e:/devkitpro/devkitarm/bin/../lib/gcc/arm-none-eabi/7.1.0/thumb/crtbegin.o
 .data.__dso_handle
                0x00000000        0x4 e:/devkitpro/devkitarm/bin/../lib/gcc/arm-none-eabi/7.1.0/thumb/crtbegin.o
 .text          0x00000000        0x0 charsprites.o
 .data          0x00000000        0x0 charsprites.o
 .bss           0x00000000        0x0 charsprites.o
 .text          0x00000000      0x164 main.o
 .bss           0x00000000        0x0 main.o
 .rodata        0x00000000       0x10 main.o
 .data          0x00000000        0x0 e:/devkitpro/devkitarm/bin/../lib/gcc/arm-none-eabi/7.1.0/thumb\libgcc.a(_divsi3.o)
 .bss           0x00000000        0x0 e:/devkitpro/devkitarm/bin/../lib/gcc/arm-none-eabi/7.1.0/thumb\libgcc.a(_divsi3.o)
 .data          0x00000000        0x0 e:/devkitpro/devkitarm/bin/../lib/gcc/arm-none-eabi/7.1.0/thumb\libgcc.a(_dvmd_tls.o)
 .bss           0x00000000        0x0 e:/devkitpro/devkitarm/bin/../lib/gcc/arm-none-eabi/7.1.0/thumb\libgcc.a(_dvmd_tls.o)
 .text          0x00000000        0x0 e:/devkitpro/devkitarm/bin/../lib/gcc/arm-none-eabi/7.1.0/../../../../arm-none-eabi/lib/thumb\libg.a(lib_a-init.o)
 .data          0x00000000        0x0 e:/devkitpro/devkitarm/bin/../lib/gcc/arm-none-eabi/7.1.0/../../../../arm-none-eabi/lib/thumb\libg.a(lib_a-init.o)
 .bss           0x00000000        0x0 e:/devkitpro/devkitarm/bin/../lib/gcc/arm-none-eabi/7.1.0/../../../../arm-none-eabi/lib/thumb\libg.a(lib_a-init.o)
 .text          0x00000000        0x0 e:/devkitpro/devkitarm/bin/../lib/gcc/arm-none-eabi/7.1.0/../../../../arm-none-eabi/lib/thumb\libg.a(lib_a-memcpy-stub.o)
 .data          0x00000000        0x0 e:/devkitpro/devkitarm/bin/../lib/gcc/arm-none-eabi/7.1.0/../../../../arm-none-eabi/lib/thumb\libg.a(lib_a-memcpy-stub.o)
 .bss           0x00000000        0x0 e:/devkitpro/devkitarm/bin/../lib/gcc/arm-none-eabi/7.1.0/../../../../arm-none-eabi/lib/thumb\libg.a(lib_a-memcpy-stub.o)
 .text          0x00000000        0x0 e:/devkitpro/devkitarm/bin/../lib/gcc/arm-none-eabi/7.1.0/../../../../arm-none-eabi/lib/thumb\libsysbase.a(malloc_vars.o)
 .data          0x00000000        0x0 e:/devkitpro/devkitarm/bin/../lib/gcc/arm-none-eabi/7.1.0/../../../../arm-none-eabi/lib/thumb\libsysbase.a(malloc_vars.o)
 .bss           0x00000000        0x0 e:/devkitpro/devkitarm/bin/../lib/gcc/arm-none-eabi/7.1.0/../../../../arm-none-eabi/lib/thumb\libsysbase.a(malloc_vars.o)
 .bss.fake_heap_start
                0x00000000        0x4 e:/devkitpro/devkitarm/bin/../lib/gcc/arm-none-eabi/7.1.0/../../../../arm-none-eabi/lib/thumb\libsysbase.a(malloc_vars.o)
 .text          0x00000000        0x0 e:/devkitpro/devkitarm/bin/../lib/gcc/arm-none-eabi/7.1.0/thumb/crtend.o
 .data          0x00000000        0x0 e:/devkitpro/devkitarm/bin/../lib/gcc/arm-none-eabi/7.1.0/thumb/crtend.o
 .bss           0x00000000        0x0 e:/devkitpro/devkitarm/bin/../lib/gcc/arm-none-eabi/7.1.0/thumb/crtend.o
 .text          0x00000000        0x0 e:/devkitpro/devkitarm/bin/../lib/gcc/arm-none-eabi/7.1.0/thumb/crtn.o
 .data          0x00000000        0x0 e:/devkitpro/devkitarm/bin/../lib/gcc/arm-none-eabi/7.1.0/thumb/crtn.o
 .bss           0x00000000        0x0 e:/devkitpro/devkitarm/bin/../lib/gcc/arm-none-eabi/7.1.0/thumb/crtn.o

Memory Configuration

Name             Origin             Length             Attributes
rom              0x08000000         0x02000000
iwram            0x03000000         0x00008000
ewram            0x02000000         0x00040000
*default*        0x00000000         0xffffffff

Linker script and memory map

                0x08000000                __text_start = ORIGIN (rom)
                0x02040000                __eheap_end = (ORIGIN (ewram) + LENGTH (ewram))
                0x03000000                __iwram_start = ORIGIN (iwram)
                0x03008000                __iwram_top = (ORIGIN (iwram) + LENGTH (iwram))
                0x03007fa0                __sp_irq = (__iwram_top - 0x60)
                0x03007f00                __sp_usr = (__sp_irq - 0xa0)
                0x03007ff8                __irq_flags = 0x3007ff8
                0x08000000                . = __text_start

.crt0           0x08000000      0x210
 *(.crt0)
 .crt0          0x08000000      0x210 e:/devkitpro/devkitarm/bin/../lib/gcc/arm-none-eabi/7.1.0/../../../../arm-none-eabi/lib/thumb/gba_crt0.o
                0x08000000                _start
                0x080000c4                __boot_method
                0x080000c5                __slave_number
                0x080000e0                start_vector
                0x08000210                . = ALIGN (0x4)

.init           0x08000210        0xc
 *(SORT(.init))
 .init          0x08000210        0x4 e:/devkitpro/devkitarm/bin/../lib/gcc/arm-none-eabi/7.1.0/thumb/crti.o
                0x08000210                _init
 .init          0x08000214        0x8 e:/devkitpro/devkitarm/bin/../lib/gcc/arm-none-eabi/7.1.0/thumb/crtn.o

.plt            0x0800021c        0x0
 *(.plt)
                0x0800021c                . = ALIGN (0x4)

.text           0x08000220      0x488
 *(EXCLUDE_FILE(*.iwram*) .text)
 .text          0x08000220      0x150 e:/devkitpro/devkitarm/bin/../lib/gcc/arm-none-eabi/7.1.0/thumb\libgcc.a(_divsi3.o)
                0x08000220                __divsi3
                0x08000220                __aeabi_idiv
                0x08000350                __aeabi_idivmod
 .text          0x08000370        0x4 e:/devkitpro/devkitarm/bin/../lib/gcc/arm-none-eabi/7.1.0/thumb\libgcc.a(_dvmd_tls.o)
                0x08000370                __aeabi_idiv0
                0x08000370                __aeabi_ldiv0
 *(.text .stub .text.* .gnu.linkonce.t.*)
 .text.deregister_tm_clones
                0x08000374       0x2c e:/devkitpro/devkitarm/bin/../lib/gcc/arm-none-eabi/7.1.0/thumb/crtbegin.o
 .text.register_tm_clones
                0x080003a0       0x34 e:/devkitpro/devkitarm/bin/../lib/gcc/arm-none-eabi/7.1.0/thumb/crtbegin.o
 .text.__do_global_dtors_aux
                0x080003d4       0x30 e:/devkitpro/devkitarm/bin/../lib/gcc/arm-none-eabi/7.1.0/thumb/crtbegin.o
 .text.frame_dummy
                0x08000404       0x28 e:/devkitpro/devkitarm/bin/../lib/gcc/arm-none-eabi/7.1.0/thumb/crtbegin.o
 .text.startup  0x0800042c      0x184 main.o
                0x0800042c                main
 .text.__libc_init_array
                0x080005b0       0x54 e:/devkitpro/devkitarm/bin/../lib/gcc/arm-none-eabi/7.1.0/../../../../arm-none-eabi/lib/thumb\libg.a(lib_a-init.o)
                0x080005b0                __libc_init_array
 .text.memcpy   0x08000604       0x8c e:/devkitpro/devkitarm/bin/../lib/gcc/arm-none-eabi/7.1.0/../../../../arm-none-eabi/lib/thumb\libg.a(lib_a-memcpy-stub.o)
                0x08000604                memcpy
 .text.memcpy.__stub
                0x08000690       0x14 linker stubs
 *(.text.*personality*)
 *(.gnu.warning)
 *(.glue_7t)
 .glue_7t       0x080006a8        0x0 linker stubs
 *(.glue_7)
 .glue_7        0x080006a8        0x0 linker stubs
 *(.vfp11_veneer)
 .vfp11_veneer  0x080006a8        0x0 linker stubs
                0x080006a8                . = ALIGN (0x4)
                0x080006a8                __text_end = .

.v4_bx          0x080006a8        0x0
 .v4_bx         0x080006a8        0x0 linker stubs

.iplt           0x080006a8        0x0
 .iplt          0x080006a8        0x0 e:/devkitpro/devkitarm/bin/../lib/gcc/arm-none-eabi/7.1.0/../../../../arm-none-eabi/lib/thumb/gba_crt0.o

.fini           0x080006a8        0xc
 *(.fini)
 .fini          0x080006a8        0x4 e:/devkitpro/devkitarm/bin/../lib/gcc/arm-none-eabi/7.1.0/thumb/crti.o
                0x080006a8                _fini
 .fini          0x080006ac        0x8 e:/devkitpro/devkitarm/bin/../lib/gcc/arm-none-eabi/7.1.0/thumb/crtn.o
                0x080006b4                . = ALIGN (0x4)

.rodata         0x080006b4     0x1200
 *(.rodata)
 .rodata        0x080006b4     0x1200 charsprites.o
                0x080006b4                charspritesPal
                0x080008b4                charspritesTiles
 *all.rodata*(*)
 *(.roda)
 *(.rodata.*)
 *(.gnu.linkonce.r*)
                0x080018b4                . = ALIGN (0x4)

.ARM.extab
 *(.ARM.extab* .gnu.linkonce.armextab.*)
                0x080018b4                __exidx_start = .

.ARM.exidx
 *(.ARM.exidx* .gnu.linkonce.armexidx.*)
                0x080018b4                __exidx_end = .

.ctors          0x080018b4        0x0
 *crtbegin.o(.ctors)
 *(EXCLUDE_FILE(*crtend.o) .ctors)
 *(SORT(.ctors.*))
 *(.ctors)
                0x080018b4                . = ALIGN (0x4)

.dtors          0x080018b4        0x0
 *crtbegin.o(.dtors)
 *(EXCLUDE_FILE(*crtend.o) .dtors)
 *(SORT(.dtors.*))
 *(.dtors)
                0x080018b4                . = ALIGN (0x4)

.eh_frame       0x080018b4        0x4
 *(.eh_frame)
 .eh_frame      0x080018b4        0x0 e:/devkitpro/devkitarm/bin/../lib/gcc/arm-none-eabi/7.1.0/thumb/crtbegin.o
 .eh_frame      0x080018b4        0x4 e:/devkitpro/devkitarm/bin/../lib/gcc/arm-none-eabi/7.1.0/thumb/crtend.o
                0x080018b8                . = ALIGN (0x4)

.rel.dyn        0x080018b8        0x0
 .rel.iplt      0x080018b8        0x0 e:/devkitpro/devkitarm/bin/../lib/gcc/arm-none-eabi/7.1.0/../../../../arm-none-eabi/lib/thumb/gba_crt0.o

.gcc_except_table
                0x080018b8        0x0
 *(.gcc_except_table)
                0x080018b8                . = ALIGN (0x4)
                0x080018b8                __iwram_lma = .

.iwram          0x03000000        0x0 load address 0x080018b8
                0x03000000                __iwram_start__ = ABSOLUTE (.)
 *(.iwram)
 *iwram.*(.text)
                0x03000000                . = ALIGN (0x4)
                0x03000000                __iwram_end__ = ABSOLUTE (.)
                0x080018b8                __data_lma = (__iwram_lma + SIZEOF (.iwram))

.bss            0x03000000      0x420
                0x03000000                __bss_start = ABSOLUTE (.)
                0x03000000                __bss_start__ = ABSOLUTE (.)
 *(.dynbss)
 *(.gnu.linkonce.b*)
 *(.bss*)
 .bss.completed.6484
                0x03000000        0x1 e:/devkitpro/devkitarm/bin/../lib/gcc/arm-none-eabi/7.1.0/thumb/crtbegin.o
 *fill*         0x03000001        0x3 
 .bss.object.6489
                0x03000004       0x18 e:/devkitpro/devkitarm/bin/../lib/gcc/arm-none-eabi/7.1.0/thumb/crtbegin.o
 .bss.fake_heap_end
                0x0300001c        0x4 e:/devkitpro/devkitarm/bin/../lib/gcc/arm-none-eabi/7.1.0/../../../../arm-none-eabi/lib/thumb\libsysbase.a(malloc_vars.o)
                0x0300001c                fake_heap_end
 *(COMMON)
 COMMON         0x03000020      0x400 main.o
                0x03000020                oam_object_backbuffer
                0x03000420                . = ALIGN (0x4)
                0x03000420                __bss_end__ = ABSOLUTE (.)

.data           0x03000420        0x4 load address 0x080018b8
                0x03000420                __data_start__ = ABSOLUTE (.)
 *(.data)
 .data          0x03000420        0x4 main.o
                0x03000420                input_cur
                0x03000422                input_prev
 *(.data.*)
 *(.gnu.linkonce.d*)
                0x03000424                . = ALIGN (0x4)
                0x080018bc                __preinit_lma = (__data_lma + SIZEOF (.data))

.igot.plt       0x03000424        0x0 load address 0x080018bc
 .igot.plt      0x03000424        0x0 e:/devkitpro/devkitarm/bin/../lib/gcc/arm-none-eabi/7.1.0/../../../../arm-none-eabi/lib/thumb/gba_crt0.o

.tm_clone_table
                0x03000424        0x0 load address 0x080018bc
 .tm_clone_table
                0x03000424        0x0 e:/devkitpro/devkitarm/bin/../lib/gcc/arm-none-eabi/7.1.0/thumb/crtbegin.o
 .tm_clone_table
                0x03000424        0x0 e:/devkitpro/devkitarm/bin/../lib/gcc/arm-none-eabi/7.1.0/thumb/crtend.o

.preinit_array  0x03000424        0x0 load address 0x080018bc
                0x03000424                __preinit_array_start = ABSOLUTE (.)
 *(.preinit_array)
                0x03000424                __preinit_array_end = ABSOLUTE (.)
                0x080018bc                __init_lma = (__preinit_lma + SIZEOF (.preinit_array))

.init_array     0x03000424        0x4 load address 0x080018bc
                0x03000424                __init_array_start = ABSOLUTE (.)
 *(SORT(.init_array.*))
 *(.init_array)
 .init_array    0x03000424        0x4 e:/devkitpro/devkitarm/bin/../lib/gcc/arm-none-eabi/7.1.0/thumb/crtbegin.o
                0x03000428                __init_array_end = ABSOLUTE (.)
                0x080018c0                __fini_lma = (__init_lma + SIZEOF (.init_array))

.fini_array     0x03000428        0x4 load address 0x080018c0
                0x03000428                __fini_array_start = ABSOLUTE (.)
 *(SORT(.fini_array.*))
 *(.fini_array)
 .fini_array    0x03000428        0x4 e:/devkitpro/devkitarm/bin/../lib/gcc/arm-none-eabi/7.1.0/thumb/crtbegin.o
                0x0300042c                __fini_array_end = ABSOLUTE (.)
                0x080018c4                __jcr_lma = (__fini_lma + SIZEOF (.fini_array))

.jcr            0x0300042c        0x0 load address 0x080018c4
 *(.jcr)
                0x0300042c                __data_end__ = ABSOLUTE (.)
                0x080018c4                __iwram_overlay_lma = (__jcr_lma + SIZEOF (.jcr))
                0x0300042c                __iwram_overlay_start = .

.iwram0         0x0300042c        0x0 load address 0x080018c4
 *(.iwram0)
                0x0300042c                . = ALIGN (0x4)
                0x080018c4                PROVIDE (__load_start_iwram0, LOADADDR (.iwram0))
                0x080018c4                PROVIDE (__load_stop_iwram0, (LOADADDR (.iwram0) + SIZEOF (.iwram0)))

.iwram1         0x0300042c        0x0
 *(.iwram1)
                0x0300042c                . = ALIGN (0x4)
                [!provide]                PROVIDE (__load_start_iwram1, LOADADDR (.iwram1))
                [!provide]                PROVIDE (__load_stop_iwram1, (LOADADDR (.iwram1) + SIZEOF (.iwram1)))

.iwram2         0x0300042c        0x0
 *(.iwram2)
                0x0300042c                . = ALIGN (0x4)
                [!provide]                PROVIDE (__load_start_iwram2, LOADADDR (.iwram2))
                [!provide]                PROVIDE (__load_stop_iwram2, (LOADADDR (.iwram2) + SIZEOF (.iwram2)))

.iwram3         0x0300042c        0x0
 *(.iwram3)
                0x0300042c                . = ALIGN (0x4)
                [!provide]                PROVIDE (__load_start_iwram3, LOADADDR (.iwram3))
                [!provide]                PROVIDE (__load_stop_iwram3, (LOADADDR (.iwram3) + SIZEOF (.iwram3)))

.iwram4         0x0300042c        0x0
 *(.iwram4)
                0x0300042c                . = ALIGN (0x4)
                [!provide]                PROVIDE (__load_start_iwram4, LOADADDR (.iwram4))
                [!provide]                PROVIDE (__load_stop_iwram4, (LOADADDR (.iwram4) + SIZEOF (.iwram4)))

.iwram5         0x0300042c        0x0
 *(.iwram5)
                0x0300042c                . = ALIGN (0x4)
                [!provide]                PROVIDE (__load_start_iwram5, LOADADDR (.iwram5))
                [!provide]                PROVIDE (__load_stop_iwram5, (LOADADDR (.iwram5) + SIZEOF (.iwram5)))

.iwram6         0x0300042c        0x0
 *(.iwram6)
                0x0300042c                . = ALIGN (0x4)
                [!provide]                PROVIDE (__load_start_iwram6, LOADADDR (.iwram6))
                [!provide]                PROVIDE (__load_stop_iwram6, (LOADADDR (.iwram6) + SIZEOF (.iwram6)))

.iwram7         0x0300042c        0x0
 *(.iwram7)
                0x0300042c                . = ALIGN (0x4)
                [!provide]                PROVIDE (__load_start_iwram7, LOADADDR (.iwram7))
                [!provide]                PROVIDE (__load_stop_iwram7, (LOADADDR (.iwram7) + SIZEOF (.iwram7)))

.iwram8         0x0300042c        0x0
 *(.iwram8)
                0x0300042c                . = ALIGN (0x4)
                [!provide]                PROVIDE (__load_start_iwram8, LOADADDR (.iwram8))
                [!provide]                PROVIDE (__load_stop_iwram8, (LOADADDR (.iwram8) + SIZEOF (.iwram8)))

.iwram9         0x0300042c        0x0
 *(.iwram9)
                0x0300042c                . = ALIGN (0x4)
                [!provide]                PROVIDE (__load_start_iwram9, LOADADDR (.iwram9))
                [!provide]                PROVIDE (__load_stop_iwram9, (LOADADDR (.iwram9) + SIZEOF (.iwram9)))
                0x0300042c                __iwram_overlay_end = .
                0x080018c4                __ewram_lma = (__iwram_overlay_lma + (__iwram_overlay_end - __iwram_overlay_start))
                0x0300042c                __iheap_start = .
                0x02000000                __ewram_start = ORIGIN (ewram)

.ewram          0x02000000        0x0 load address 0x080018c4
 *(.ewram)
                0x02000000                . = ALIGN (0x4)
                0x02000000                __ewram_end = ABSOLUTE (.)
                0x080018c4                __pad_lma = (__ewram_lma + SIZEOF (.ewram))

.sbss           0x02000000        0x0
                0x02000000                __sbss_start__ = ABSOLUTE (.)
 *(.sbss)
                0x02000000                . = ALIGN (0x4)
                0x02000000                __sbss_end__ = ABSOLUTE (.)
                0x02000000                __end__ = ABSOLUTE (.)
                0x02000000                __eheap_start = ABSOLUTE (.)

.pad            0x02000000        0x8 load address 0x080018c4
                0x02000000        0x4 LONG 0x52416b64
                0x02000004        0x4 LONG 0x4d
                0x02000008                . = ALIGN (0x4)
                0x080018cc                __rom_end__ = (__pad_lma + SIZEOF (.pad))

.stab
 *(.stab)

.stabstr
 *(.stabstr)

.stab.excl
 *(.stab.excl)

.stab.exclstr
 *(.stab.exclstr)

.stab.index
 *(.stab.index)

.stab.indexstr
 *(.stab.indexstr)

.comment        0x00000000       0x22
 *(.comment)
 .comment       0x00000000       0x22 e:/devkitpro/devkitarm/bin/../lib/gcc/arm-none-eabi/7.1.0/thumb/crtbegin.o
                                 0x23 (size before relaxing)
 .comment       0x00000022       0x23 charsprites.o
 .comment       0x00000022       0x23 main.o
 .comment       0x00000022       0x23 e:/devkitpro/devkitarm/bin/../lib/gcc/arm-none-eabi/7.1.0/../../../../arm-none-eabi/lib/thumb\libg.a(lib_a-init.o)
 .comment       0x00000022       0x23 e:/devkitpro/devkitarm/bin/../lib/gcc/arm-none-eabi/7.1.0/../../../../arm-none-eabi/lib/thumb\libg.a(lib_a-memcpy-stub.o)
 .comment       0x00000022       0x23 e:/devkitpro/devkitarm/bin/../lib/gcc/arm-none-eabi/7.1.0/../../../../arm-none-eabi/lib/thumb\libsysbase.a(malloc_vars.o)
 .comment       0x00000022       0x23 e:/devkitpro/devkitarm/bin/../lib/gcc/arm-none-eabi/7.1.0/thumb/crtend.o

.debug
 *(.debug)

.line
 *(.line)

.debug_srcinfo
 *(.debug_srcinfo)

.debug_sfnames
 *(.debug_sfnames)

.debug_aranges  0x00000000       0x40
 *(.debug_aranges)
 .debug_aranges
                0x00000000       0x18 charsprites.o
 .debug_aranges
                0x00000018       0x28 main.o

.debug_pubnames
 *(.debug_pubnames)

.debug_info     0x00000000      0xe14
 *(.debug_info)
 .debug_info    0x00000000       0x79 charsprites.o
 .debug_info    0x00000079      0xd9b main.o

.debug_abbrev   0x00000000      0x380
 *(.debug_abbrev)
 .debug_abbrev  0x00000000       0x51 charsprites.o
 .debug_abbrev  0x00000051      0x32f main.o

.debug_line     0x00000000      0x393
 *(.debug_line)
 .debug_line    0x00000000       0x82 charsprites.o
 .debug_line    0x00000082      0x311 main.o

.debug_frame    0x00000000       0xb4
 *(.debug_frame)
 .debug_frame   0x00000000       0xb4 main.o

.debug_str      0x00000000      0x7fb
 *(.debug_str)
 .debug_str     0x00000000      0x144 charsprites.o
                                0x151 (size before relaxing)
 .debug_str     0x00000144      0x6b7 main.o
                                0x7c0 (size before relaxing)

.debug_loc      0x00000000      0x61e
 *(.debug_loc)
 .debug_loc     0x00000000      0x61e main.o

.debug_macinfo
 *(.debug_macinfo)

.debug_weaknames
 *(.debug_weaknames)

.debug_funcnames
 *(.debug_funcnames)

.debug_typenames
 *(.debug_typenames)

.debug_varnames
 *(.debug_varnames)

.stack          0x00080000        0x0
                0x00080000                _stack = .
 *(.stack)

.note.gnu.arm.ident
 *(.note.gnu.arm.ident)

.ARM.attributes
                0x00000000       0x2c
 *(.ARM.attributes)
 .ARM.attributes
                0x00000000       0x20 e:/devkitpro/devkitarm/bin/../lib/gcc/arm-none-eabi/7.1.0/../../../../arm-none-eabi/lib/thumb/gba_crt0.o
 .ARM.attributes
                0x00000020       0x16 e:/devkitpro/devkitarm/bin/../lib/gcc/arm-none-eabi/7.1.0/thumb/crti.o
 .ARM.attributes
                0x00000036       0x30 e:/devkitpro/devkitarm/bin/../lib/gcc/arm-none-eabi/7.1.0/thumb/crtbegin.o
 .ARM.attributes
                0x00000066       0x2c charsprites.o
 .ARM.attributes
                0x00000092       0x2c main.o
 .ARM.attributes
                0x000000be       0x18 e:/devkitpro/devkitarm/bin/../lib/gcc/arm-none-eabi/7.1.0/thumb\libgcc.a(_divsi3.o)
 .ARM.attributes
                0x000000d6       0x16 e:/devkitpro/devkitarm/bin/../lib/gcc/arm-none-eabi/7.1.0/thumb\libgcc.a(_dvmd_tls.o)
 .ARM.attributes
                0x000000ec       0x30 e:/devkitpro/devkitarm/bin/../lib/gcc/arm-none-eabi/7.1.0/../../../../arm-none-eabi/lib/thumb\libg.a(lib_a-init.o)
 .ARM.attributes
                0x0000011c       0x30 e:/devkitpro/devkitarm/bin/../lib/gcc/arm-none-eabi/7.1.0/../../../../arm-none-eabi/lib/thumb\libg.a(lib_a-memcpy-stub.o)
 .ARM.attributes
                0x0000014c       0x30 e:/devkitpro/devkitarm/bin/../lib/gcc/arm-none-eabi/7.1.0/../../../../arm-none-eabi/lib/thumb\libsysbase.a(malloc_vars.o)
 .ARM.attributes
                0x0000017c       0x30 e:/devkitpro/devkitarm/bin/../lib/gcc/arm-none-eabi/7.1.0/thumb/crtend.o
 .ARM.attributes
                0x000001ac       0x16 e:/devkitpro/devkitarm/bin/../lib/gcc/arm-none-eabi/7.1.0/thumb/crtn.o

/DISCARD/
 *(.note.GNU-stack)
LOAD e:/devkitpro/devkitarm/bin/../lib/gcc/arm-none-eabi/7.1.0/../../../../arm-none-eabi/lib/thumb/gba_crt0.o
LOAD e:/devkitpro/devkitarm/bin/../lib/gcc/arm-none-eabi/7.1.0/thumb/crti.o
LOAD e:/devkitpro/devkitarm/bin/../lib/gcc/arm-none-eabi/7.1.0/thumb/crtbegin.o
LOAD charsprites.o
LOAD main.o
LOAD E:/devkitPro/libgba/lib\libmm.a
LOAD E:/devkitPro/libgba/lib\libgba.a
START GROUP
LOAD e:/devkitpro/devkitarm/bin/../lib/gcc/arm-none-eabi/7.1.0/thumb\libgcc.a
LOAD e:/devkitpro/devkitarm/bin/../lib/gcc/arm-none-eabi/7.1.0/../../../../arm-none-eabi/lib/thumb\libg.a
LOAD e:/devkitpro/devkitarm/bin/../lib/gcc/arm-none-eabi/7.1.0/../../../../arm-none-eabi/lib/thumb\libc.a
LOAD e:/devkitpro/devkitarm/bin/../lib/gcc/arm-none-eabi/7.1.0/../../../../arm-none-eabi/lib/thumb\libsysbase.a
END GROUP
LOAD e:/devkitpro/devkitarm/bin/../lib/gcc/arm-none-eabi/7.1.0/thumb/crtend.o
LOAD e:/devkitpro/devkitarm/bin/../lib/gcc/arm-none-eabi/7.1.0/thumb/crtn.o
OUTPUT(E:/devkitPro/toncExamples/Experiments/KyleHalladayTutorial/ControllingSpriteEdit/ControllingSpriteEdit.elf elf32-littlearm)

.debug_ranges   0x00000000       0x88
 .debug_ranges  0x00000000       0x88 main.o
